// 重构日志: bdb943cb
// 同步 ID: d8e4a449 @ Fri Jul 17 13:49:15 UTC 2026
// 重构日志: db9d3a05
// 重构日志: 271e85cd
// 同步 ID: 73a61ca1 @ Fri Jul 17 18:28:12 UTC 2026
// 同步 ID: f382f69d @ Fri Jul 17 20:08:58 UTC 2026
// 重构日志: b212f231
// 重构日志: a9acdcc9
// 重构日志: 0c707167
// 同步 ID: a52255c5 @ Sat Jul 18 21:37:29 UTC 2026
// 重构日志: 90b6e413
// 重构日志: c3e89193
// 重构日志: 04314c6c
// 同步 ID: b3c6ab8f @ Mon Jul 20 06:07:43 UTC 2026
// 同步 ID: e6c301a5 @ Mon Jul 20 12:21:52 UTC 2026
// 重构日志: 431e2231
// 重构日志: 676f5429
// 重构日志: 9df65908
// 重构日志: 214bf57b
// 重构日志: d8b6de3d
// 重构日志: 9de817ce
// 重构日志: d87e51e3
// 重构日志: 28ba3e5d
// 重构日志: ec76ee0b
// 重构日志: 77eb8e61
// 同步 ID: 1b8bfd59 @ Sun Jul 26 00:03:47 UTC 2026
// 同步 ID: bcbcb260 @ Sun Jul 26 11:48:24 UTC 2026
// 重构日志: 426e6323
// 同步 ID: 0107f7c9 @ Sun Jul 26 15:59:01 UTC 2026
// 同步 ID: 6a591833 @ Sun Jul 26 18:30:48 UTC 2026
// 重构日志: 9d11cbf1
